[H[2JReading the data... [successfully done]

Converting the data... 
Point 1: -1.8; 170.246; 2071.2; 2078.18
Point 1: -1.73891; 170.214; 2070.63; 2077.61
Point 2: -1.8; 190.214; 2070.06; 2078.78
Point 2: -1.86111; 190.25; 2070.63; 2079.35
Point 3: -21.7975; 190.214; 2070.06; 2078.89
Point 3: -21.7404; 190.25; 2070.63; 2079.46
Point 4: -21.7975; 170.246; 2071.2; 2078.3
Point 4: -21.8545; 170.214; 2070.63; 2077.73
Point 5: -23.224; 181.634; 2270.87; 2278.24
Point 5: -23.1586; 181.599; 2270.26; 2277.63
Point 6: -23.224; 203.023; 2269.65; 2278.83
Point 6: -23.2895; 203.062; 2270.26; 2279.44
Point 7: -1.8; 203.023; 2269.65; 2278.71
Point 7: -1.73889; 203.062; 2270.26; 2279.33
Point 8: -1.8; 181.634; 2270.87; 2278.12
Point 8: -1.86108; 181.599; 2270.26; 2277.51
1000 out of 4784 crystals converted
2000 out of 4784 crystals converted
3000 out of 4784 crystals converted
4000 out of 4784 crystals converted
4784 out of 4784 crystals converted
Overall process... [successfully done]

Writing the output... [successfully done]

Time spent for this program: 