The system is: Linux - 2.6.27-14-generic - i686
Determining if the CUDA compiler is NVCC succeeded with the following output:
/usr/local/cuda/bin/nvcc

Compiling the C compiler identification source file "CMakeCCompilerId.c" succeeded.
Compiler: /usr/bin/gcc 
Build flags: 
Id flags: 

The output was:
0


Compilation of the C compiler identification source "CMakeCCompilerId.c" produced "a.out"

The C compiler identification is GNU, found in "/home/felix/simulation/trunk/tpc/tpcCuda/cmake-cuda-example/CMakeFiles/CompilerIdC/a.out"

Compiling the CXX compiler identification source file "CMakeCXXCompilerId.cpp" succeeded.
Compiler: /usr/bin/c++ 
Build flags: 
Id flags: 

The output was:
0
CMakeCXXCompilerId.cpp:70: warning: deprecated conversion from string constant to ‘char*’
CMakeCXXCompilerId.cpp:154: warning: deprecated conversion from string constant to ‘char*’


Compilation of the CXX compiler identification source "CMakeCXXCompilerId.cpp" produced "a.out"

The CXX compiler identification is GNU, found in "/home/felix/simulation/trunk/tpc/tpcCuda/cmake-cuda-example/CMakeFiles/CompilerIdCXX/a.out"

Determining if the CUDA compiler works passed with the following output:
Change Dir: /home/felix/simulation/trunk/tpc/tpcCuda/cmake-cuda-example/CMakeFiles/CMakeTmp

Run Build Command:/usr/bin/make "cmTryCompileExec/fast"
/usr/bin/make -f CMakeFiles/cmTryCompileExec.dir/build.make CMakeFiles/cmTryCompileExec.dir/build
make[1]: Entering directory `/home/felix/simulation/trunk/tpc/tpcCuda/cmake-cuda-example/CMakeFiles/CMakeTmp'
/usr/bin/cmake -E cmake_progress_report /home/felix/simulation/trunk/tpc/tpcCuda/cmake-cuda-example/CMakeFiles/CMakeTmp/CMakeFiles 1
Building CUDA object CMakeFiles/cmTryCompileExec.dir/testCUDACompiler.cu.o
/usr/local/cuda/bin/nvcc    -o CMakeFiles/cmTryCompileExec.dir/testCUDACompiler.cu.o   -c /home/felix/simulation/trunk/tpc/tpcCuda/cmake-cuda-example/CMakeFiles/CMakeTmp/testCUDACompiler.cu
ptxas info    : Compiling entry function '__dummy_entry__'
ptxas info    : Used 0 registers
Linking CUDA executable cmTryCompileExec
/usr/bin/cmake -E cmake_link_script CMakeFiles/cmTryCompileExec.dir/link.txt --verbose=1
/usr/local/cuda/bin/nvcc        CMakeFiles/cmTryCompileExec.dir/testCUDACompiler.cu.o  -o cmTryCompileExec  
make[1]: Leaving directory `/home/felix/simulation/trunk/tpc/tpcCuda/cmake-cuda-example/CMakeFiles/CMakeTmp'


Determining if the C compiler works passed with the following output:
Change Dir: /home/felix/simulation/trunk/tpc/tpcCuda/cmake-cuda-example/CMakeFiles/CMakeTmp

Run Build Command:/usr/bin/make "cmTryCompileExec/fast"
/usr/bin/make -f CMakeFiles/cmTryCompileExec.dir/build.make CMakeFiles/cmTryCompileExec.dir/build
make[1]: Entering directory `/home/felix/simulation/trunk/tpc/tpcCuda/cmake-cuda-example/CMakeFiles/CMakeTmp'
/usr/bin/cmake -E cmake_progress_report /home/felix/simulation/trunk/tpc/tpcCuda/cmake-cuda-example/CMakeFiles/CMakeTmp/CMakeFiles 1
Building C object CMakeFiles/cmTryCompileExec.dir/testCCompiler.c.o
/usr/bin/gcc    -o CMakeFiles/cmTryCompileExec.dir/testCCompiler.c.o   -c /home/felix/simulation/trunk/tpc/tpcCuda/cmake-cuda-example/CMakeFiles/CMakeTmp/testCCompiler.c
Linking C executable cmTryCompileExec
/usr/bin/cmake -E cmake_link_script CMakeFiles/cmTryCompileExec.dir/link.txt --verbose=1
/usr/bin/gcc        CMakeFiles/cmTryCompileExec.dir/testCCompiler.c.o  -o cmTryCompileExec -rdynamic 
make[1]: Leaving directory `/home/felix/simulation/trunk/tpc/tpcCuda/cmake-cuda-example/CMakeFiles/CMakeTmp'


Detecting C compiler ABI info compiled with the following output:
Change Dir: /home/felix/simulation/trunk/tpc/tpcCuda/cmake-cuda-example/CMakeFiles/CMakeTmp

Run Build Command:/usr/bin/make "cmTryCompileExec/fast"
/usr/bin/make -f CMakeFiles/cmTryCompileExec.dir/build.make CMakeFiles/cmTryCompileExec.dir/build
make[1]: Entering directory `/home/felix/simulation/trunk/tpc/tpcCuda/cmake-cuda-example/CMakeFiles/CMakeTmp'
/usr/bin/cmake -E cmake_progress_report /home/felix/simulation/trunk/tpc/tpcCuda/cmake-cuda-example/CMakeFiles/CMakeTmp/CMakeFiles 1
Building C object CMakeFiles/cmTryCompileExec.dir/CMakeCCompilerABI.c.o
/usr/bin/gcc    -o CMakeFiles/cmTryCompileExec.dir/CMakeCCompilerABI.c.o   -c /usr/share/cmake-2.6/Modules/CMakeCCompilerABI.c
Linking C executable cmTryCompileExec
/usr/bin/cmake -E cmake_link_script CMakeFiles/cmTryCompileExec.dir/link.txt --verbose=1
/usr/bin/gcc        CMakeFiles/cmTryCompileExec.dir/CMakeCCompilerABI.c.o  -o cmTryCompileExec -rdynamic 
make[1]: Leaving directory `/home/felix/simulation/trunk/tpc/tpcCuda/cmake-cuda-example/CMakeFiles/CMakeTmp'


Determining if the CXX compiler works passed with the following output:
Change Dir: /home/felix/simulation/trunk/tpc/tpcCuda/cmake-cuda-example/CMakeFiles/CMakeTmp

Run Build Command:/usr/bin/make "cmTryCompileExec/fast"
/usr/bin/make -f CMakeFiles/cmTryCompileExec.dir/build.make CMakeFiles/cmTryCompileExec.dir/build
make[1]: Entering directory `/home/felix/simulation/trunk/tpc/tpcCuda/cmake-cuda-example/CMakeFiles/CMakeTmp'
/usr/bin/cmake -E cmake_progress_report /home/felix/simulation/trunk/tpc/tpcCuda/cmake-cuda-example/CMakeFiles/CMakeTmp/CMakeFiles 1
Building CXX object CMakeFiles/cmTryCompileExec.dir/testCXXCompiler.cxx.o
/usr/bin/c++     -o CMakeFiles/cmTryCompileExec.dir/testCXXCompiler.cxx.o -c /home/felix/simulation/trunk/tpc/tpcCuda/cmake-cuda-example/CMakeFiles/CMakeTmp/testCXXCompiler.cxx
Linking CXX executable cmTryCompileExec
/usr/bin/cmake -E cmake_link_script CMakeFiles/cmTryCompileExec.dir/link.txt --verbose=1
/usr/bin/c++         CMakeFiles/cmTryCompileExec.dir/testCXXCompiler.cxx.o  -o cmTryCompileExec -rdynamic 
make[1]: Leaving directory `/home/felix/simulation/trunk/tpc/tpcCuda/cmake-cuda-example/CMakeFiles/CMakeTmp'


Detecting CXX compiler ABI info compiled with the following output:
Change Dir: /home/felix/simulation/trunk/tpc/tpcCuda/cmake-cuda-example/CMakeFiles/CMakeTmp

Run Build Command:/usr/bin/make "cmTryCompileExec/fast"
/usr/bin/make -f CMakeFiles/cmTryCompileExec.dir/build.make CMakeFiles/cmTryCompileExec.dir/build
make[1]: Entering directory `/home/felix/simulation/trunk/tpc/tpcCuda/cmake-cuda-example/CMakeFiles/CMakeTmp'
/usr/bin/cmake -E cmake_progress_report /home/felix/simulation/trunk/tpc/tpcCuda/cmake-cuda-example/CMakeFiles/CMakeTmp/CMakeFiles 1
Building CXX object CMakeFiles/cmTryCompileExec.dir/CMakeCXXCompilerABI.cpp.o
/usr/bin/c++     -o CMakeFiles/cmTryCompileExec.dir/CMakeCXXCompilerABI.cpp.o -c /usr/share/cmake-2.6/Modules/CMakeCXXCompilerABI.cpp
Linking CXX executable cmTryCompileExec
/usr/bin/cmake -E cmake_link_script CMakeFiles/cmTryCompileExec.dir/link.txt --verbose=1
/usr/bin/c++         CMakeFiles/cmTryCompileExec.dir/CMakeCXXCompilerABI.cpp.o  -o cmTryCompileExec -rdynamic 
make[1]: Leaving directory `/home/felix/simulation/trunk/tpc/tpcCuda/cmake-cuda-example/CMakeFiles/CMakeTmp'


